Microchip MPLAB XC8 Compiler V2.46

Linker command line:

--edf=C:\Program Files\Microchip\xc8\v2.46\pic\dat\20240104201356_en.msgs \
  -cn -h+pic18F4580.sym --cmf=pic18F4580.cmf -z -Q18F4580 \
  -oC:\Users\user\AppData\Local\Temp\xcAscek.\driver_tmp_3.obj \
  -Mpic18F4580.map \
  --md=C:\Users\user\AppData\Local\Temp\xcAscek.\driver_tmp_0.dat \
  -ver=XC8 Compiler -ACODE=00h-03000h -ACONST=00h-03000h \
  -ASMALLCONST=0600h-06FFhx42,03000h-03000h -AMEDIUMCONST=0600h-03000h \
  -ACOMRAM=01h-05Fh -AABS1=00h-05FFh -ABIGRAM=01h-05FFh \
  -ARAM=060h-0FFh,0100h-01FFhx5 -ABANK0=060h-0FFh -ABANK1=0100h-01FFh \
  -ABANK2=0200h-02FFh -ABANK3=0300h-03FFh -ABANK4=0400h-04FFh \
  -ABANK5=0500h-05FFh -ASFR=0D00h-0DFFhx2,0F00h-0F5Fh,0F60h-0FFFh \
  -ABIGSFR=0D00h-0FFFh -ACONFIG=0300000h-030000Dh -AIDLOC=0200000h-0200007h \
  -AEEDATA=0F00000h-0F000FFh -peeprom_data=EEDATA \
  -preset_vec=00h,intcode=8h,intcodelo,powerup,init -pramtop=0600h \
  -psmallconst=SMALLCONST -pmediumconst=MEDIUMCONST -pconst=CONST \
  -AFARRAM=00h-00h \
  -prdata=COMRAM,nvrram=COMRAM,nvbit=COMRAM,rbss=COMRAM,rbit=COMRAM \
  -pfarbss=FARRAM,fardata=FARRAM,nvFARRAM=FARRAM \
  -pintsave_regs=BIGRAM,bigbss=BIGRAM,bigdata=BIGRAM -pbss=RAM \
  -pidata=CODE,irdata=CODE,ibigdata=CODE,ifardata=CODE -prparam=COMRAM \
  startup.obj pic18F4580.obj 

Object code version is 3.11

Machine type is 18F4580



                Name                               Link     Load   Length Selector   Space Scale
startup.obj     init                                  E        E        4        4       0
                reset_vec                             0        0        4        0       0
pic18F4580.obj  intcode                               8        8        6        4       0
                temp                                 5B       5B        1        1       1
                mediumconst                        2E7E     2E7E      182     173F       0
                intcode_body                       1974     1974       78        4       0
                text49                             1708     1708       AE        4       0
                text48                             1476     1476       E6        4       0
                text47                             1636     1636       D2        4       0
                text46                             1EB8     1EB8       24        4       0
                text45                             1E6A     1E6A       28        4       0
                text44                             1B36     1B36       60        4       0
                text43                             1F72     1F72       18        4       0
                text42                             1C36     1C36       4E        4       0
                text41                             2010     2010        6        4       0
                text40                             2008     2008        8        4       0
                text39                             2000     2000        8        4       0
                text38                             1FDC     1FDC        C        4       0
                text37                             1FF8     1FF8        8        4       0
                text36                             1FF0     1FF0        8        4       0
                text35                             1FE8     1FE8        8        4       0
                text34                             1FD0     1FD0        C        4       0
                text33                             1E40     1E40       2A        4       0
                text32                             1DBE     1DBE       2E        4       0
                text31                             1D88     1D88       36        4       0
                text30                             1BE8     1BE8       4E        4       0
                text29                              53E      53E      3B4        4       0
                text28                             1A5E     1A5E       6E        4       0
                text27                             1B96     1B96       52        4       0
                text26                             1CCC     1CCC       42        4       0
                text25                             185E     185E       9E        4       0
                text24                             1E92     1E92       26        4       0
                text23                             1FC4     1FC4        C        4       0
                text22                             1E16     1E16       2A        4       0
                text21                             122C     122C      142        4       0
                text20                             1DEC     1DEC       2A        4       0
                text19                             1ACC     1ACC       6A        4       0
                text18                             1EFE     1EFE       20        4       0
                text17                             17B6     17B6       A8        4       0
                text16                             1F1E     1F1E       1E        4       0
                text15                             1C84     1C84       48        4       0
                text14                             1F8A     1F8A       16        4       0
                text13                             1FB2     1FB2       12        4       0
                text12                             1F3C     1F3C       1C        4       0
                text11                             1FA0     1FA0       12        4       0
                text10                             1EDC     1EDC       22        4       0
                text9                              136E     136E      108        4       0
                text8                               EB4      EB4      232        4       0
                text7                               C1A      C1A      29A        4       0
                text6                              1D4C     1D4C       3C        4       0
                text5                              18FC     18FC       78        4       0
                text4                              1D0E     1D0E       3E        4       0
                text3                               8F2      8F2      328        4       0
                text2                              155C     155C       DA        4       0
                text1                              10E6     10E6      146        4       0
                text0                                12       12      52C        4       0
                cstackCOMRAM                          1        1       3B        1       1
                bssBANK1                            100      100       82      100       1
                dataBANK0                            99       99       1A       60       1
                bssBANK0                             60       60       39       60       1
                dataCOMRAM                           56       56        5        1       1
                bssCOMRAM                            3C       3C       1A        1       1
                cinit                              19EC     19EC       72        4       0
                idataBANK0                         1F58     1F58       1A        4       0
                idataCOMRAM                        2016     2016        5        4       0

TOTAL           Name                               Link     Load   Length     Space
        CLASS   CODE           
                intcode                               8        8        6         0
                init                                  E        E        4         0
                reset_vec                             0        0        4         0
                intcode_body                       1974     1974       78         0
                text49                             1708     1708       AE         0
                text48                             1476     1476       E6         0
                text47                             1636     1636       D2         0
                text46                             1EB8     1EB8       24         0
                text45                             1E6A     1E6A       28         0
                text44                             1B36     1B36       60         0
                text43                             1F72     1F72       18         0
                text42                             1C36     1C36       4E         0
                text41                             2010     2010        6         0
                text40                             2008     2008        8         0
                text39                             2000     2000        8         0
                text38                             1FDC     1FDC        C         0
                text37                             1FF8     1FF8        8         0
                text36                             1FF0     1FF0        8         0
                text35                             1FE8     1FE8        8         0
                text34                             1FD0     1FD0        C         0
                text33                             1E40     1E40       2A         0
                text32                             1DBE     1DBE       2E         0
                text31                             1D88     1D88       36         0
                text30                             1BE8     1BE8       4E         0
                text29                              53E      53E      3B4         0
                text28                             1A5E     1A5E       6E         0
                text27                             1B96     1B96       52         0
                text26                             1CCC     1CCC       42         0
                text25                             185E     185E       9E         0
                text24                             1E92     1E92       26         0
                text23                             1FC4     1FC4        C         0
                text22                             1E16     1E16       2A         0
                text21                             122C     122C      142         0
                text20                             1DEC     1DEC       2A         0
                text19                             1ACC     1ACC       6A         0
                text18                             1EFE     1EFE       20         0
                text17                             17B6     17B6       A8         0
                text16                             1F1E     1F1E       1E         0
                text15                             1C84     1C84       48         0
                text14                             1F8A     1F8A       16         0
                text13                             1FB2     1FB2       12         0
                text12                             1F3C     1F3C       1C         0
                text11                             1FA0     1FA0       12         0
                text10                             1EDC     1EDC       22         0
                text9                              136E     136E      108         0
                text8                               EB4      EB4      232         0
                text7                               C1A      C1A      29A         0
                text6                              1D4C     1D4C       3C         0
                text5                              18FC     18FC       78         0
                text4                              1D0E     1D0E       3E         0
                text3                               8F2      8F2      328         0
                text2                              155C     155C       DA         0
                text1                              10E6     10E6      146         0
                text0                                12       12      52C         0
                cinit                              19EC     19EC       72         0
                idataBANK0                         1F58     1F58       1A         0
                idataCOMRAM                        2016     2016        5         0

        CLASS   CONST          

        CLASS   SMALLCONST     

        CLASS   MEDIUMCONST    
                mediumconst                        2E7E     2E7E      182         0

        CLASS   COMRAM         
                temp                                 5B       5B        1         1
                cstackCOMRAM                          1        1       3B         1
                dataCOMRAM                           56       56        5         1
                bssCOMRAM                            3C       3C       1A         1

        CLASS   ABS1           

        CLASS   BIGRAM         

        CLASS   RAM            

        CLASS   BANK0          
                dataBANK0                            99       99       1A         1
                bssBANK0                             60       60       39         1

        CLASS   BANK1          
                bssBANK1                            100      100       82         1

        CLASS   BANK2          

        CLASS   BANK3          

        CLASS   BANK4          

        CLASS   BANK5          

        CLASS   SFR            

        CLASS   BIGSFR         

        CLASS   CONFIG         

        CLASS   IDLOC          

        CLASS   EEDATA         

        CLASS   FARRAM         

        CLASS   HEAP           

        CLASS   STACK          



SEGMENTS        Name                           Load    Length   Top    Selector   Space  Class

                reset_vec                      000000  000004  000004         0       0  CODE    
                cstackCOMRAM                   000001  00005B  00005C         1       1  COMRAM  
                intcode                        000008  002013  00201B         4       0  CODE    
                bssBANK0                       000060  000053  0000B3        60       1  BANK0   
                bssBANK1                       000100  000082  000182       100       1  BANK1   
                mediumconst                    002E7E  000182  003000      173F       0  MEDIUMCO


UNUSED ADDRESS RANGES

        Name                Unused          Largest block    Delta
        BANK0            00B3-00FF             4D
        BANK1            0182-01FF             7E
        BANK2            0200-02FF            100
        BANK3            0300-03FF            100
        BANK4            0400-04FF            100
        BANK5            0500-05FF            100
        BIGRAM           005C-005F              4
                         00B3-00FF             4D
                         0182-05FF            47E
        BIGSFR           0D00-0FFF            300
        CODE             0004-0007              4
                         201B-2E7D            E63
                         3000-3000              1
        COMRAM           005C-005F              4
        CONFIG           300000-30000D              E
        CONST            0004-0007              4
                         201B-2E7D            E63
                         3000-3000              1
        EEDATA           F00000-F000FF            100
        IDLOC            200000-200007              8
        MEDIUMCONST      201B-2E7D            E63
                         3000-3000              1
        RAM              00B3-00FF             4D
                         0182-05FF            100
        SFR              0D00-0FFF            100
        SMALLCONST       201B-2E7D            100
                         3000-3000              1

                                  Symbol Table

?___ftdiv                      cstackCOMRAM 000C
?___ftpack                     cstackCOMRAM 0001
?___fttol                      cstackCOMRAM 001B
?___lwdiv                      cstackCOMRAM 0001
?___lwmod                      cstackCOMRAM 0008
?___lwtoft                     cstackCOMRAM 0009
?___wmul                       cstackCOMRAM 0001
?_read_adc                     cstackCOMRAM 0001
_ACKDT                         (abs)        7E2D
_ACKEN                         (abs)        7E2C
_ACKSTAT                       (abs)        7E2E
_ACQT0                         (abs)        7E03
_ACQT1                         (abs)        7E04
_ACQT2                         (abs)        7E05
_ADCON0                        (abs)        0FC2
_ADCON1                        (abs)        0FC1
_ADCS0                         (abs)        7E00
_ADCS1                         (abs)        7E01
_ADCS2                         (abs)        7E02
_ADFM                          (abs)        7E07
_ADON                          (abs)        7E10
_ADRESH                        (abs)        0FC4
_ADRESL                        (abs)        0FC3
_BCLIF                         (abs)        7D0B
_BRGH                          (abs)        7D62
_CKE                           (abs)        7E3E
_CREN                          (abs)        7D5C
_EEADR                         (abs)        0FA9
_EECON1bits                    (abs)        0FA6
_EECON2                        (abs)        0FA7
_EEDATA                        (abs)        0FA8
_GIE                           (abs)        7F97
_GO                            (abs)        7E11
_GODONE                        (abs)        7E11
_OERR                          (abs)        7D59
_PEIE                          (abs)        7F96
_PEN                           (abs)        7E2A
_PORTB                         (abs)        0F81
_PORTBbits                     (abs)        0F81
_PORTD                         (abs)        0F83
_PSA                           (abs)        7EAB
_RBPU                          (abs)        7F8F
_RC0                           (abs)        7C10
_RC1                           (abs)        7C11
_RC2                           (abs)        7C12
_RCEN                          (abs)        7E2B
_RCIE                          (abs)        7CED
_RCIF                          (abs)        7CF5
_RCREG                         (abs)        0FAE
_RD7                           (abs)        7C1F
_RSEN                          (abs)        7E29
_SEN                           (abs)        7E28
_SMP                           (abs)        7E3F
_SPBRG                         (abs)        0FAF
_SPEN                          (abs)        7D5F
_SSPADD                        (abs)        0FC8
_SSPBUF                        (abs)        0FC9
_SSPCON1                       (abs)        0FC6
_SSPIF                         (abs)        7CF3
_T08BIT                        (abs)        7EAE
_T0CS                          (abs)        7EAD
_T0PS0                         (abs)        7EA8
_T0PS1                         (abs)        7EA9
_T0PS2                         (abs)        7EAA
_TMR0                          (abs)        0FD6
_TMR0IE                        (abs)        7F95
_TMR0IF                        (abs)        7F92
_TMR0ON                        (abs)        7EAF
_TRISB                         (abs)        0F93
_TRISC                         (abs)        0F94
_TRISC3                        (abs)        7CA3
_TRISC4                        (abs)        7CA4
_TRISC6                        (abs)        7CA6
_TRISC7                        (abs)        7CA7
_TRISD                         (abs)        0F95
_TRISD7                        (abs)        7CAF
_TXIF                          (abs)        7CF4
_TXREG                         (abs)        0FAD
_VCFG0                         (abs)        7E0C
_VCFG1                         (abs)        7E0D
__HRAM                         (abs)        0000
__H__absolute__                __absolute__ 0000
__Habs1                        abs1         0000
__Hbank0                       bank0        0000
__Hbank1                       bank1        0000
__Hbank2                       bank2        0000
__Hbank3                       bank3        0000
__Hbank4                       bank4        0000
__Hbank5                       bank5        0000
__Hbigbss                      bigbss       0000
__Hbigdata                     bigdata      0000
__Hbigram                      bigram       0000
__Hbigsfr                      bigsfr       0000
__Hbss                         bss          0000
__HbssBANK0                    bssBANK0     0000
__HbssBANK1                    bssBANK1     0000
__HbssCOMRAM                   bssCOMRAM    0000
__Hcinit                       cinit        0000
__Hclrtext                     clrtext      0000
__Hcomram                      comram       0000
__Hconfig                      config       0000
__Hconst                       const        0000
__HcstackCOMRAM                cstackCOMRAM 0000
__Hdata                        data         0000
__HdataBANK0                   dataBANK0    0000
__HdataCOMRAM                  dataCOMRAM   0000
__Heeprom_data                 eeprom_data  0000
__Hfarbss                      farbss       0000
__Hfardata                     fardata      0000
__Hheap                        heap         0000
__Hibigdata                    ibigdata     0000
__Hidata                       idata        0000
__HidataBANK0                  idataBANK0   0000
__HidataCOMRAM                 idataCOMRAM  0000
__Hidloc                       idloc        0000
__Hifardata                    ifardata     0000
__Hinit                        init         0012
__Hintcode                     intcode      000E
__Hintcode_body                intcode_body 0000
__Hintcodelo                   intcodelo    000E
__Hintentry                    intentry     0000
__Hintret                      intret       0000
__Hintsave_regs                intsave_regs 0000
__Hirdata                      irdata       0000
__Hmediumconst                 mediumconst  3000
__HnvFARRAM                    nvFARRAM     0000
__Hnvbit                       nvbit        0000
__Hnvrram                      nvrram       0000
__Hparam                       rparam       0000
__Hpowerup                     powerup      000E
__Hram                         ram          0000
__Hramtop                      ramtop       0600
__Hrbit                        rbit         0000
__Hrbss                        rbss         0000
__Hrdata                       rdata        0000
__Hreset_vec                   reset_vec    0004
__Hrparam                      rparam       0000
__Hsfr                         sfr          0000
__Hsivt_hi                     sivt_hi      0000
__Hsivt_lo                     sivt_lo      0000
__Hsmallconst                  smallconst   0000
__Hspace_0                     (abs)        3000
__Hspace_1                     (abs)        0182
__Hspace_2                     (abs)        0000
__Hspace_4                     (abs)        0000
__Hstack                       stack        0000
__Hstruct                      struct       0000
__Htemp                        temp         005C
__Htext                        text         0000
__Htext0                       text0        0000
__Htext1                       text1        0000
__Htext10                      text10       0000
__Htext11                      text11       0000
__Htext12                      text12       0000
__Htext13                      text13       0000
__Htext14                      text14       0000
__Htext15                      text15       0000
__Htext16                      text16       0000
__Htext17                      text17       0000
__Htext18                      text18       0000
__Htext19                      text19       0000
__Htext2                       text2        0000
__Htext20                      text20       0000
__Htext21                      text21       0000
__Htext22                      text22       0000
__Htext23                      text23       0000
__Htext24                      text24       0000
__Htext25                      text25       0000
__Htext26                      text26       0000
__Htext27                      text27       0000
__Htext28                      text28       0000
__Htext29                      text29       0000
__Htext3                       text3        0000
__Htext30                      text30       0000
__Htext31                      text31       0000
__Htext32                      text32       0000
__Htext33                      text33       0000
__Htext34                      text34       0000
__Htext35                      text35       0000
__Htext36                      text36       0000
__Htext37                      text37       0000
__Htext38                      text38       0000
__Htext39                      text39       0000
__Htext4                       text4        0000
__Htext40                      text40       0000
__Htext41                      text41       0000
__Htext42                      text42       0000
__Htext43                      text43       0000
__Htext44                      text44       0000
__Htext45                      text45       0000
__Htext46                      text46       0000
__Htext47                      text47       0000
__Htext48                      text48       0000
__Htext49                      text49       0000
__Htext5                       text5        0000
__Htext6                       text6        0000
__Htext7                       text7        0000
__Htext8                       text8        0000
__Htext9                       text9        0000
__LRAM                         (abs)        0001
__L__absolute__                __absolute__ 0000
__Labs1                        abs1         0000
__Lbank0                       bank0        0000
__Lbank1                       bank1        0000
__Lbank2                       bank2        0000
__Lbank3                       bank3        0000
__Lbank4                       bank4        0000
__Lbank5                       bank5        0000
__Lbigbss                      bigbss       0000
__Lbigdata                     bigdata      0000
__Lbigram                      bigram       0000
__Lbigsfr                      bigsfr       0000
__Lbss                         bss          0000
__LbssBANK0                    bssBANK0     0000
__LbssBANK1                    bssBANK1     0000
__LbssCOMRAM                   bssCOMRAM    0000
__Lcinit                       cinit        0000
__Lclrtext                     clrtext      0000
__Lcomram                      comram       0000
__Lconfig                      config       0000
__Lconst                       const        0000
__LcstackCOMRAM                cstackCOMRAM 0000
__Ldata                        data         0000
__LdataBANK0                   dataBANK0    0000
__LdataCOMRAM                  dataCOMRAM   0000
__Leeprom_data                 eeprom_data  0000
__Lfarbss                      farbss       0000
__Lfardata                     fardata      0000
__Lheap                        heap         0000
__Libigdata                    ibigdata     0000
__Lidata                       idata        0000
__LidataBANK0                  idataBANK0   0000
__LidataCOMRAM                 idataCOMRAM  0000
__Lidloc                       idloc        0000
__Lifardata                    ifardata     0000
__Linit                        init         000E
__Lintcode                     intcode      0008
__Lintcode_body                intcode_body 0000
__Lintcodelo                   intcodelo    000E
__Lintentry                    intentry     0000
__Lintret                      intret       0000
__Lintsave_regs                intsave_regs 0000
__Lirdata                      irdata       0000
__Lmediumconst                 mediumconst  2E7E
__LnvFARRAM                    nvFARRAM     0000
__Lnvbit                       nvbit        0000
__Lnvrram                      nvrram       0000
__Lparam                       rparam       0000
__Lpowerup                     powerup      000E
__Lram                         ram          0000
__Lramtop                      ramtop       0600
__Lrbit                        rbit         0000
__Lrbss                        rbss         0000
__Lrdata                       rdata        0000
__Lreset_vec                   reset_vec    0000
__Lrparam                      rparam       0000
__Lsfr                         sfr          0000
__Lsivt_hi                     sivt_hi      0000
__Lsivt_lo                     sivt_lo      0000
__Lsmallconst                  smallconst   0000
__Lspace_0                     (abs)        0000
__Lspace_1                     (abs)        0000
__Lspace_2                     (abs)        0000
__Lspace_4                     (abs)        0000
__Lstack                       stack        0000
__Lstruct                      struct       0000
__Ltemp                        temp         005B
__Ltext                        text         0000
__Ltext0                       text0        0000
__Ltext1                       text1        0000
__Ltext10                      text10       0000
__Ltext11                      text11       0000
__Ltext12                      text12       0000
__Ltext13                      text13       0000
__Ltext14                      text14       0000
__Ltext15                      text15       0000
__Ltext16                      text16       0000
__Ltext17                      text17       0000
__Ltext18                      text18       0000
__Ltext19                      text19       0000
__Ltext2                       text2        0000
__Ltext20                      text20       0000
__Ltext21                      text21       0000
__Ltext22                      text22       0000
__Ltext23                      text23       0000
__Ltext24                      text24       0000
__Ltext25                      text25       0000
__Ltext26                      text26       0000
__Ltext27                      text27       0000
__Ltext28                      text28       0000
__Ltext29                      text29       0000
__Ltext3                       text3        0000
__Ltext30                      text30       0000
__Ltext31                      text31       0000
__Ltext32                      text32       0000
__Ltext33                      text33       0000
__Ltext34                      text34       0000
__Ltext35                      text35       0000
__Ltext36                      text36       0000
__Ltext37                      text37       0000
__Ltext38                      text38       0000
__Ltext39                      text39       0000
__Ltext4                       text4        0000
__Ltext40                      text40       0000
__Ltext41                      text41       0000
__Ltext42                      text42       0000
__Ltext43                      text43       0000
__Ltext44                      text44       0000
__Ltext45                      text45       0000
__Ltext46                      text46       0000
__Ltext47                      text47       0000
__Ltext48                      text48       0000
__Ltext49                      text49       0000
__Ltext5                       text5        0000
__Ltext6                       text6        0000
__Ltext7                       text7        0000
__Ltext8                       text8        0000
__Ltext9                       text9        0000
__S0                           (abs)        3000
__S1                           (abs)        0182
__S4                           (abs)        0000
__S5                           (abs)        0000
___ftdiv                       text48       1476
___ftdiv@cntr                  cstackCOMRAM 0015
___ftdiv@exp                   cstackCOMRAM 0019
___ftdiv@f1                    cstackCOMRAM 000C
___ftdiv@f2                    cstackCOMRAM 000F
___ftdiv@f3                    cstackCOMRAM 0016
___ftdiv@sign                  cstackCOMRAM 001A
___ftpack                      text49       1708
___ftpack@arg                  cstackCOMRAM 0001
___ftpack@exp                  cstackCOMRAM 0004
___ftpack@sign                 cstackCOMRAM 0005
___fttol                       text47       1636
___fttol@exp1                  cstackCOMRAM 0029
___fttol@f1                    cstackCOMRAM 001B
___fttol@lval                  cstackCOMRAM 0025
___fttol@sign1                 cstackCOMRAM 0024
___heap_hi                     (abs)        0000
___heap_lo                     (abs)        0000
___inthi_sp                    stack        0000
___inthi_stack_hi              stack        0000
___inthi_stack_lo              stack        0000
___intlo_sp                    stack        0000
___intlo_stack_hi              stack        0000
___intlo_stack_lo              stack        0000
___lwdiv                       text27       1B96
___lwdiv@counter               cstackCOMRAM 0007
___lwdiv@dividend              cstackCOMRAM 0001
___lwdiv@divisor               cstackCOMRAM 0003
___lwdiv@quotient              cstackCOMRAM 0005
___lwmod                       text26       1CCC
___lwmod@counter               cstackCOMRAM 000C
___lwmod@dividend              cstackCOMRAM 0008
___lwmod@divisor               cstackCOMRAM 000A
___lwtoft                      text46       1EB8
___lwtoft@c                    cstackCOMRAM 0009
___param_bank                  (abs)        0000
___rparam_used                 (abs)        0001
___sp                          stack        0000
___stack_hi                    stack        0000
___stack_lo                    stack        0000
___wmul                        text24       1E92
___wmul@multiplicand           cstackCOMRAM 0003
___wmul@multiplier             cstackCOMRAM 0001
___wmul@product                cstackCOMRAM 0005
__accesstop                    (abs)        0060
__activetblptr                 (abs)        0002
__end_of___ftdiv               text48       155C
__end_of___ftpack              text49       17B6
__end_of___fttol               text47       1708
__end_of___lwdiv               text27       1BE8
__end_of___lwmod               text26       1D0E
__end_of___lwtoft              text46       1EDC
__end_of___wmul                text24       1EB8
__end_of__initialization       cinit        1A50
__end_of_change_password       text29       08F2
__end_of_clcd_print            text44       1B96
__end_of_clcd_putch            text43       1F8A
__end_of_clcd_write            text45       1E92
__end_of_clear                 text28       1ACC
__end_of_compare               text42       1C84
__end_of_copy                  text8        10E6
__end_of_dashboard             text25       18FC
__end_of_download              text21       136E
__end_of_get                   text32       1DEC
__end_of_get_time              text19       1B36
__end_of_i2c_idle              text40       2010
__end_of_i2c_no_ack            text41       2016
__end_of_i2c_read              text38       1FE8
__end_of_i2c_rep_start         text37       2000
__end_of_i2c_rx_mode           text39       2008
__end_of_i2c_start             text36       1FF8
__end_of_i2c_stop              text35       1FF0
__end_of_i2c_write             text34       1FDC
__end_of_init_adc              text18       1F1E
__end_of_init_clcd             text17       185E
__end_of_init_config           text10       1EFE
__end_of_init_ds1307           text15       1CCC
__end_of_init_i2c              text14       1FA0
__end_of_init_matrix_keypad    text13       1FC4
__end_of_init_timer0           text12       1F58
__end_of_init_uart             text11       1FB2
__end_of_isr                   intcode_body 19EC
__end_of_main                  text0        053E
__end_of_main_menu             text9        1476
__end_of_password_screen       text7        0EB4
__end_of_putch                 text23       1FD0
__end_of_puts                  text22       1E40
__end_of_read_adc              text6        1D88
__end_of_read_ds1307           text20       1E16
__end_of_read_external_eeprom  text33       1E6A
__end_of_read_switches         text4        1D4C
__end_of_scan_key              text5        1974
__end_of_set_time              text3        0C1A
__end_of_view_log              text2        1636
__end_of_view_save             text1        122C
__end_of_write_ds1307          text16       1F3C
__end_of_write_eeprom          text30       1C36
__end_of_write_external_eeprom text31       1DBE
__initialization               cinit        19EC
__mediumconst                  mediumconst  2E7E
__pbssBANK0                    bssBANK0     0060
__pbssBANK1                    bssBANK1     0100
__pbssCOMRAM                   bssCOMRAM    003C
__pcinit                       cinit        19EC
__pcstackCOMRAM                cstackCOMRAM 0001
__pdataBANK0                   dataBANK0    0099
__pdataCOMRAM                  dataCOMRAM   0056
__pidataBANK0                  idataBANK0   1F58
__pidataCOMRAM                 idataCOMRAM  2016
__pintcode                     intcode      0008
__pintcode_body                intcode_body 1974
__pmediumconst                 mediumconst  2E7E
__ptext0                       text0        0012
__ptext1                       text1        10E6
__ptext10                      text10       1EDC
__ptext11                      text11       1FA0
__ptext12                      text12       1F3C
__ptext13                      text13       1FB2
__ptext14                      text14       1F8A
__ptext15                      text15       1C84
__ptext16                      text16       1F1E
__ptext17                      text17       17B6
__ptext18                      text18       1EFE
__ptext19                      text19       1ACC
__ptext2                       text2        155C
__ptext20                      text20       1DEC
__ptext21                      text21       122C
__ptext22                      text22       1E16
__ptext23                      text23       1FC4
__ptext24                      text24       1E92
__ptext25                      text25       185E
__ptext26                      text26       1CCC
__ptext27                      text27       1B96
__ptext28                      text28       1A5E
__ptext29                      text29       053E
__ptext3                       text3        08F2
__ptext30                      text30       1BE8
__ptext31                      text31       1D88
__ptext32                      text32       1DBE
__ptext33                      text33       1E40
__ptext34                      text34       1FD0
__ptext35                      text35       1FE8
__ptext36                      text36       1FF0
__ptext37                      text37       1FF8
__ptext38                      text38       1FDC
__ptext39                      text39       2000
__ptext4                       text4        1D0E
__ptext40                      text40       2008
__ptext41                      text41       2010
__ptext42                      text42       1C36
__ptext43                      text43       1F72
__ptext44                      text44       1B36
__ptext45                      text45       1E6A
__ptext46                      text46       1EB8
__ptext47                      text47       1636
__ptext48                      text48       1476
__ptext49                      text49       1708
__ptext5                       text5        18FC
__ptext6                       text6        1D4C
__ptext7                       text7        0C1A
__ptext8                       text8        0EB4
__ptext9                       text9        136E
__ramtop                       ramtop       0600
__smallconst                   smallconst   0000
_adr                           bssCOMRAM    0053
_adr1                          bssCOMRAM    004E
_adw                           bssBANK0     007A
_ch                            bssBANK0     007B
_change_password               text29       053E
_changemenu                    dataCOMRAM   0059
_clcd_print                    text44       1B36
_clcd_putch                    text43       1F72
_clcd_write                    text45       1E6A
_clear                         text28       1A5E
_clock_reg                     bssCOMRAM    0040
_compare                       text42       1C36
_copy                          text8        0EB4
_count                         bssBANK0     0076
_count1                        bssBANK0     0074
_count5                        bssBANK0     006E
_count6                        bssBANK0     006C
_dashboard                     text25       185E
_download                      text21       122C
_event_count                   bssBANK0     0079
_gear                          dataBANK0    0099
_get                           text32       1DBE
_get_time                      text19       1ACC
_go                            bssBANK0     0078
_i2c_idle                      text40       2008
_i2c_no_ack                    text41       2010
_i2c_read                      text38       1FDC
_i2c_rep_start                 text37       1FF8
_i2c_rx_mode                   text39       2000
_i2c_start                     text36       1FF0
_i2c_stop                      text35       1FE8
_i2c_write                     text34       1FD0
_init_adc                      text18       1EFE
_init_clcd                     text17       17B6
_init_config                   text10       1EDC
_init_ds1307                   text15       1C84
_init_i2c                      text14       1F8A
_init_matrix_keypad            text13       1FB2
_init_timer0                   text12       1F3C
_init_uart                     text11       1FA0
_isr                           intcode      0008
_main                          text0        0012
_main_menu                     text9        136E
_menu                          dataBANK0    00A9
_ok                            bssCOMRAM    0054
_op                            bssCOMRAM    0050
_opv                           bssCOMRAM    004F
_password                      bssBANK0     0094
_password_screen               text7        0C1A
_putch                         text23       1FC4
_puts                          text22       1E16
_read_adc                      text6        1D4C
_read_ds1307                   text20       1DEC
_read_external_eeprom          text33       1E40
_read_switches                 text4        1D0E
_rotation                      bssCOMRAM    004D
_scan_key                      text5        18FC
_sec                           dataCOMRAM   0056
_set_time                      text3        08F2
_shortpess1                    bssCOMRAM    0043
_shortpress                    bssCOMRAM    0045
_speed                         bssCOMRAM    0047
_str                           bssBANK0     008F
_str1                          bssBANK0     008A
_str2                          bssBANK0     0085
_timer                         bssBANK0     007C
_total                         bssCOMRAM    0052
_up                            bssCOMRAM    0051
_view_log                      text2        155C
_view_save                     text1        10E6
_viewdisplay                   bssBANK1     0100
_wait                          bssBANK0     0068
_wait3                         bssBANK0     0064
_wait_c                        bssCOMRAM    003C
_wait_s                        bssBANK0     0060
_write_ds1307                  text16       1F1E
_write_eeprom                  text30       1BE8
_write_external_eeprom         text31       1D88
_wrong_sec                     bssBANK0     0072
btemp                          temp         005B
change_password@i              bssCOMRAM    004B
change_password@j              bssCOMRAM    004A
change_password@j1             bssCOMRAM    0049
change_password@key            cstackCOMRAM 001E
change_password@w              cstackCOMRAM 0012
change_password@w_607          cstackCOMRAM 0016
change_password@w_609          cstackCOMRAM 001A
clcd_print@addr                cstackCOMRAM 0005
clcd_print@data                cstackCOMRAM 0003
clcd_putch@addr                cstackCOMRAM 000D
clcd_putch@data                cstackCOMRAM 000E
clcd_write@byte                cstackCOMRAM 0002
clcd_write@control_bit         cstackCOMRAM 0001
clear@w                        cstackCOMRAM 0006
compare@i                      cstackCOMRAM 0005
compare@str1                   cstackCOMRAM 0001
compare@str2                   cstackCOMRAM 0002
copy@i                         cstackCOMRAM 0010
copy@j                         cstackCOMRAM 000A
copy@j_469                     cstackCOMRAM 000C
copy@j_470                     cstackCOMRAM 000E
dashboard@i                    cstackCOMRAM 000F
download@i                     cstackCOMRAM 0010
download@j                     cstackCOMRAM 000E
download@w                     cstackCOMRAM 000A
end_of_initialization          cinit        1A50
i2c_write@data                 cstackCOMRAM 0001
init_ds1307@dummy              cstackCOMRAM 000F
int$flags                      temp         005B
int_func                       intcode_body 1974
intlevel0                      text         0000
intlevel1                      text         0000
intlevel2                      text         0000
intlevel3                      text         0000
isa$std                        (abs)        0001
isa$xinst                      (abs)        0000
main@f                         cstackCOMRAM 0037
main@hr                        cstackCOMRAM 0033
main@i                         cstackCOMRAM 003B
main@key                       cstackCOMRAM 003A
main@mi                        cstackCOMRAM 0035
main@se                        cstackCOMRAM 0038
main@w                         cstackCOMRAM 002F
password_screen@attempt        dataCOMRAM   0058
password_screen@i              bssCOMRAM    004C
password_screen@key1           cstackCOMRAM 0012
putch@byte                     cstackCOMRAM 0001
puts@s                         cstackCOMRAM 0002
read_adc@channel               cstackCOMRAM 0007
read_adc@reg_val               cstackCOMRAM 0005
read_ds1307@address            cstackCOMRAM 0002
read_ds1307@data               cstackCOMRAM 0003
read_external_eeprom@address   cstackCOMRAM 0002
read_external_eeprom@data      cstackCOMRAM 0003
read_switches@detection_type   cstackCOMRAM 0001
read_switches@key              bssCOMRAM    0055
read_switches@once             dataCOMRAM   005A
set_time@f                     cstackCOMRAM 0015
set_time@h                     cstackCOMRAM 000F
set_time@m                     cstackCOMRAM 0011
set_time@s                     cstackCOMRAM 0013
stackhi                        (abs)        0000
stacklo                        (abs)        0000
start                          init         000E
start_initialization           cinit        19EC
ttemp5                         temp         005C
ttemp6                         temp         005F
ttemp7                         temp         0063
view_log@i                     cstackCOMRAM 0011
view_save@i                    cstackCOMRAM 0013
view_save@j                    cstackCOMRAM 0014
view_save@j_464                cstackCOMRAM 0016
view_save@j_465                cstackCOMRAM 0018
write_ds1307@address           cstackCOMRAM 000E
write_ds1307@data              cstackCOMRAM 000D
write_eeprom@str               cstackCOMRAM 0011
write_external_eeprom@address  cstackCOMRAM 0010
write_external_eeprom@data     cstackCOMRAM 000D
write_external_eeprom@w        cstackCOMRAM 000E
wtemp8                         temp         005C


MODULE INFORMATION

Module		Function		Class		Link	Load	Size
C:\Program Files\Microchip\xc8\v2.46\pic\sources\c90\common\ftdiv.c
		___ftdiv       		CODE           	1476	0000	230

C:\Program Files\Microchip\xc8\v2.46\pic\sources\c90\common\ftdiv.c estimated size: 230

C:\Program Files\Microchip\xc8\v2.46\pic\sources\c90\common\lwdiv.c
		___lwdiv       		CODE           	1B96	0000	82

C:\Program Files\Microchip\xc8\v2.46\pic\sources\c90\common\lwdiv.c estimated size: 82

time.c
		_get_time      		CODE           	1ACC	0000	106

time.c estimated size: 106

matrix_keypad.c
		_init_matrix_keypad		CODE           	1FB2	0000	18
		_read_switches 		CODE           	1D0E	0000	62
		_scan_key      		CODE           	18FC	0000	120

matrix_keypad.c estimated size: 200

uart.c
		_putch         		CODE           	1FC4	0000	12
		_init_uart     		CODE           	1FA0	0000	18
		_puts          		CODE           	1E16	0000	42

uart.c estimated size: 72

C:\Program Files\Microchip\xc8\v2.46\pic\sources\c90\common\fttol.c
		___fttol       		CODE           	1636	0000	210

C:\Program Files\Microchip\xc8\v2.46\pic\sources\c90\common\fttol.c estimated size: 210

changepass.c
		_get           		CODE           	1DBE	0000	46
		_write_eeprom  		CODE           	1BE8	0000	78

changepass.c estimated size: 124

i2c.c
		_i2c_start     		CODE           	1FF0	0000	8
		_i2c_no_ack    		CODE           	2010	0000	6
		_i2c_rep_start 		CODE           	1FF8	0000	8
		_i2c_idle      		CODE           	2008	0000	8
		_i2c_write     		CODE           	1FD0	0000	12
		_i2c_stop      		CODE           	1FE8	0000	8
		_i2c_read      		CODE           	1FDC	0000	12
		_init_i2c      		CODE           	1F8A	0000	22
		_i2c_rx_mode   		CODE           	2000	0000	8

i2c.c estimated size: 92

C:\Program Files\Microchip\xc8\v2.46\pic\sources\c90\common\Umul16.c
		___wmul        		CODE           	1E92	0000	38

C:\Program Files\Microchip\xc8\v2.46\pic\sources\c90\common\Umul16.c estimated size: 38

timer0.c
		_init_timer0   		CODE           	1F3C	0000	28

timer0.c estimated size: 28

newmain.c
		_main          		CODE           	0012	0000	1324
		_copy          		CODE           	0EB4	0000	562
		_view_save     		CODE           	10E6	0000	326
		_password_screen		CODE           	0C1A	0000	666
		_init_config   		CODE           	1EDC	0000	34
		_dashboard     		CODE           	185E	0000	158

newmain.c estimated size: 3070

ds1307.c
		_read_ds1307   		CODE           	1DEC	0000	42
		_write_ds1307  		CODE           	1F1E	0000	30
		_init_ds1307   		CODE           	1C84	0000	72

ds1307.c estimated size: 144

adc.c
		_init_adc      		CODE           	1EFE	0000	32
		_read_adc      		CODE           	1D4C	0000	60

adc.c estimated size: 92

Scrolling.c
		_view_log      		CODE           	155C	0000	218
		_compare       		CODE           	1C36	0000	78
		_change_password		CODE           	053E	0000	948
		_download      		CODE           	122C	0000	322
		_main_menu     		CODE           	136E	0000	264
		_set_time      		CODE           	08F2	0000	808
		_clear         		CODE           	1A5E	0000	110

Scrolling.c estimated size: 2748

isr.c
		_isr           		CODE           	0008	0000	126

isr.c estimated size: 126

external_eeprom.c
		_write_external_eeprom		CODE           	1D88	0000	54
		_read_external_eeprom		CODE           	1E40	0000	42

external_eeprom.c estimated size: 96

shared
		__initialization		CODE           	19EC	0000	100

shared estimated size: 100

clcd.c
		_clcd_write    		CODE           	1E6A	0000	40
		_clcd_print    		CODE           	1B36	0000	96
		_clcd_putch    		CODE           	1F72	0000	24
		_init_clcd     		CODE           	17B6	0000	168

clcd.c estimated size: 328

C:\Program Files\Microchip\xc8\v2.46\pic\sources\c90\common\float.c
		___ftpack      		CODE           	1708	0000	174

C:\Program Files\Microchip\xc8\v2.46\pic\sources\c90\common\float.c estimated size: 174

C:\Program Files\Microchip\xc8\v2.46\pic\sources\c90\common\lwmod.c
		___lwmod       		CODE           	1CCC	0000	66

C:\Program Files\Microchip\xc8\v2.46\pic\sources\c90\common\lwmod.c estimated size: 66

C:\Program Files\Microchip\xc8\v2.46\pic\sources\c90\common\lwtoft.c
		___lwtoft      		CODE           	1EB8	0000	36

C:\Program Files\Microchip\xc8\v2.46\pic\sources\c90\common\lwtoft.c estimated size: 36

